2026-05-22 17:27:26.886 [ERROR] PIStageProxy: could not open pipe. Is StageServer running?
2026-05-22 17:27:27.889 [ERROR] PIStageProxy: could not open pipe. Is StageServer running?
2026-05-22 17:27:28.900 [ERROR] PIStageProxy: could not open pipe. Is StageServer running?
2026-05-22 17:27:29.911 [ERROR] PIStageProxy: could not open pipe. Is StageServer running?
2026-05-22 17:27:30.920 [ERROR] PIStageProxy: could not open pipe. Is StageServer running?
2026-05-22 17:27:31.925 [ERROR] PIStageProxy: could not open pipe. Is StageServer running?
2026-05-22 17:27:32.933 [ERROR] PIStageProxy: could not open pipe. Is StageServer running?
2026-05-22 17:27:55.111 [ERROR] PI Error: code=1 message=Parameter syntax error
2026-05-22 17:27:55.112 [ERROR] StageServer: exception executing command ConfigTriggerOut: PI Error: code=1 message=Parameter syntax error
2026-05-22 17:27:55.112 [ERROR] StageServer: ConfigTriggerOut/EnableTriggerOut failed; continuing without hardware CTO
2026-05-22 17:27:55.112 [ERROR] PIStageProxy: server returned error status: -1 cmd=ConfigTriggerOut detail='PI Error: code=1 message=Parameter syntax error'
2026-05-22 17:27:55.113 [ERROR] Hardware sync unavailable: PIStageProxy: server returned error status: -1 cmd=ConfigTriggerOut detail='PI Error: code=1 message=Parameter syntax error'
2026-05-22 17:27:55.116 [ERROR] PI Error: code=1 message=Parameter syntax error
2026-05-22 17:27:55.116 [ERROR] StageServer: exception executing command GetPos: PI Error: code=1 message=Parameter syntax error
2026-05-22 17:27:55.117 [ERROR] PIStageProxy: server returned error status: -1 cmd=GetPos detail='PI Error: code=1 message=Parameter syntax error'
2026-05-22 17:27:55.118 [ERROR] PI Error: code=1 message=Parameter syntax error
2026-05-22 17:27:55.118 [ERROR] StageServer: exception executing command GetPos: PI Error: code=1 message=Parameter syntax error
2026-05-22 17:27:55.119 [ERROR] PIStageProxy: server returned error status: -1 cmd=GetPos detail='PI Error: code=1 message=Parameter syntax error'
2026-05-22 17:27:55.120 [ERROR] PI Error: code=1 message=Parameter syntax error
2026-05-22 17:27:55.120 [ERROR] StageServer: exception executing command GetPos: PI Error: code=1 message=Parameter syntax error
2026-05-22 17:27:55.120 [ERROR] PIStageProxy: server returned error status: -1 cmd=GetPos detail='PI Error: code=1 message=Parameter syntax error'
2026-05-22 17:27:55.126 [ERROR] PI Error: code=1 message=Parameter syntax error
2026-05-22 17:27:55.126 [ERROR] StageServer: exception executing command GetPos: PI Error: code=1 message=Parameter syntax error
2026-05-22 17:27:55.127 [ERROR] PIStageProxy: server returned error status: -1 cmd=GetPos detail='PI Error: code=1 message=Parameter syntax error'
2026-05-22 17:27:55.128 [ERROR] PI Error: code=1 message=Parameter syntax error
2026-05-22 17:27:55.128 [ERROR] StageServer: exception executing command GetPos: PI Error: code=1 message=Parameter syntax error
2026-05-22 17:27:55.128 [ERROR] PIStageProxy: server returned error status: -1 cmd=GetPos detail='PI Error: code=1 message=Parameter syntax error'
2026-05-22 17:27:55.130 [ERROR] PI Error: code=1 message=Parameter syntax error
2026-05-22 17:27:55.130 [ERROR] StageServer: exception executing command GetPos: PI Error: code=1 message=Parameter syntax error
2026-05-22 17:27:55.130 [ERROR] PIStageProxy: server returned error status: -1 cmd=GetPos detail='PI Error: code=1 message=Parameter syntax error'
2026-05-22 17:27:55.204 [ERROR] PI Error: code=1 message=Parameter syntax error
2026-05-22 17:27:55.205 [ERROR] StageServer: exception executing command GetPos: PI Error: code=1 message=Parameter syntax error
2026-05-22 17:27:55.205 [ERROR] PIStageProxy: server returned error status: -1 cmd=GetPos detail='PI Error: code=1 message=Parameter syntax error'
2026-05-22 17:27:55.206 [ERROR] PI Error: code=1 message=Parameter syntax error
2026-05-22 17:27:55.207 [ERROR] StageServer: exception executing command GetPos: PI Error: code=1 message=Parameter syntax error
2026-05-22 17:27:55.207 [ERROR] PIStageProxy: server returned error status: -1 cmd=GetPos detail='PI Error: code=1 message=Parameter syntax error'
2026-05-22 17:27:55.208 [ERROR] PI Error: code=1 message=Parameter syntax error
2026-05-22 17:27:55.208 [ERROR] StageServer: exception executing command GetPos: PI Error: code=1 message=Parameter syntax error
2026-05-22 17:27:55.209 [ERROR] PIStageProxy: server returned error status: -1 cmd=GetPos detail='PI Error: code=1 message=Parameter syntax error'
2026-05-22 17:27:55.214 [ERROR] PI Error: code=1 message=Parameter syntax error
2026-05-22 17:27:55.214 [ERROR] StageServer: exception executing command GetPos: PI Error: code=1 message=Parameter syntax error
2026-05-22 17:27:55.214 [ERROR] PIStageProxy: server returned error status: -1 cmd=GetPos detail='PI Error: code=1 message=Parameter syntax error'
2026-05-22 17:27:55.215 [ERROR] PI Error: code=1 message=Parameter syntax error
2026-05-22 17:27:55.215 [ERROR] StageServer: exception executing command GetPos: PI Error: code=1 message=Parameter syntax error
2026-05-22 17:27:55.216 [ERROR] PIStageProxy: server returned error status: -1 cmd=GetPos detail='PI Error: code=1 message=Parameter syntax error'
2026-05-22 17:27:55.217 [ERROR] PI Error: code=1 message=Parameter syntax error
2026-05-22 17:27:55.217 [ERROR] StageServer: exception executing command GetPos: PI Error: code=1 message=Parameter syntax error
2026-05-22 17:27:55.217 [ERROR] PIStageProxy: server returned error status: -1 cmd=GetPos detail='PI Error: code=1 message=Parameter syntax error'
2026-05-22 17:27:55.321 [ERROR] PI Error: code=1 message=Parameter syntax error
2026-05-22 17:27:55.321 [ERROR] StageServer: exception executing command GetPos: PI Error: code=1 message=Parameter syntax error
2026-05-22 17:27:55.321 [ERROR] PIStageProxy: server returned error status: -1 cmd=GetPos detail='PI Error: code=1 message=Parameter syntax error'
2026-05-22 17:27:55.322 [ERROR] PI Error: code=1 message=Parameter syntax error
2026-05-22 17:27:55.323 [ERROR] StageServer: exception executing command GetPos: PI Error: code=1 message=Parameter syntax error
2026-05-22 17:27:55.323 [ERROR] PIStageProxy: server returned error status: -1 cmd=GetPos detail='PI Error: code=1 message=Parameter syntax error'
2026-05-22 17:27:55.324 [ERROR] PI Error: code=1 message=Parameter syntax error
2026-05-22 17:27:55.324 [ERROR] StageServer: exception executing command GetPos: PI Error: code=1 message=Parameter syntax error
2026-05-22 17:27:55.324 [ERROR] PIStageProxy: server returned error status: -1 cmd=GetPos detail='PI Error: code=1 message=Parameter syntax error'
2026-05-22 17:27:55.834 [ERROR] RasterScan: fatal: Andor error in GetImages16: code 20024
2026-05-22 17:36:56.558 [ERROR] PIStageProxy: could not open pipe. Is StageServer running?
2026-05-22 17:36:57.562 [ERROR] PIStageProxy: could not open pipe. Is StageServer running?
2026-05-22 17:36:58.567 [ERROR] PIStageProxy: could not open pipe. Is StageServer running?
2026-05-22 17:36:59.577 [ERROR] PIStageProxy: could not open pipe. Is StageServer running?
2026-05-22 17:36:59.694 [ERROR] PIStageProxy: could not open pipe. Is StageServer running?
2026-05-22 17:37:00.593 [ERROR] PIStageProxy: could not open pipe. Is StageServer running?
2026-05-22 17:37:00.702 [ERROR] PIStageProxy: could not open pipe. Is StageServer running?
2026-05-22 17:37:01.605 [ERROR] PIStageProxy: could not open pipe. Is StageServer running?
2026-05-22 17:37:01.713 [ERROR] PIStageProxy: could not open pipe. Is StageServer running?
2026-05-22 17:37:02.614 [ERROR] PIStageProxy: could not open pipe. Is StageServer running?
2026-05-22 17:37:02.724 [ERROR] PIStageProxy: could not open pipe. Is StageServer running?
2026-05-22 17:37:03.620 [ERROR] PIStageProxy: could not open pipe. Is StageServer running?
2026-05-22 17:37:03.731 [ERROR] PIStageProxy: could not open pipe. Is StageServer running?
2026-05-22 17:37:04.625 [ERROR] PIStageProxy: could not open pipe. Is StageServer running?
2026-05-22 17:37:04.733 [ERROR] PIStageProxy: could not open pipe. Is StageServer running?
2026-05-22 17:37:05.630 [ERROR] PIStageProxy: could not open pipe. Is StageServer running?
2026-05-22 17:37:05.737 [ERROR] PIStageProxy: could not open pipe. Is StageServer running?
2026-05-22 17:37:06.635 [ERROR] PIStageProxy: could not open pipe. Is StageServer running?
2026-05-22 17:37:06.744 [ERROR] PIStageProxy: could not open pipe. Is StageServer running?
2026-05-22 17:37:07.646 [ERROR] PIStageProxy: could not open pipe. Is StageServer running?
2026-05-22 17:37:07.755 [ERROR] PIStageProxy: could not open pipe. Is StageServer running?
2026-05-22 17:37:08.652 [ERROR] PIStageProxy: could not open pipe. Is StageServer running?
2026-05-22 17:37:09.658 [ERROR] PIStageProxy: could not open pipe. Is StageServer running?
2026-05-22 17:37:10.670 [ERROR] PIStageProxy: could not open pipe. Is StageServer running?
2026-05-22 17:37:17.114 [ERROR] PI Error: code=1 message=Parameter syntax error
2026-05-22 17:37:17.115 [ERROR] StageServer: exception executing command ConfigTriggerOut: PI Error: code=1 message=Parameter syntax error
2026-05-22 17:37:17.115 [ERROR] StageServer: ConfigTriggerOut/EnableTriggerOut failed; continuing without hardware CTO
2026-05-22 17:37:17.115 [ERROR] PIStageProxy: server returned error status: -1 cmd=ConfigTriggerOut detail='PI Error: code=1 message=Parameter syntax error'
2026-05-22 17:37:17.116 [ERROR] Hardware sync unavailable: PIStageProxy: server returned error status: -1 cmd=ConfigTriggerOut detail='PI Error: code=1 message=Parameter syntax error'
2026-05-22 17:37:17.119 [ERROR] PI Error: code=1 message=Parameter syntax error
2026-05-22 17:37:17.120 [ERROR] StageServer: exception executing command GetPos: PI Error: code=1 message=Parameter syntax error
2026-05-22 17:37:17.120 [ERROR] PIStageProxy: server returned error status: -1 cmd=GetPos detail='PI Error: code=1 message=Parameter syntax error'
2026-05-22 17:37:17.121 [ERROR] PI Error: code=1 message=Parameter syntax error
2026-05-22 17:37:17.122 [ERROR] StageServer: exception executing command GetPos: PI Error: code=1 message=Parameter syntax error
2026-05-22 17:37:17.122 [ERROR] PIStageProxy: server returned error status: -1 cmd=GetPos detail='PI Error: code=1 message=Parameter syntax error'
2026-05-22 17:37:17.124 [ERROR] PI Error: code=1 message=Parameter syntax error
2026-05-22 17:37:17.124 [ERROR] StageServer: exception executing command GetPos: PI Error: code=1 message=Parameter syntax error
2026-05-22 17:37:17.124 [ERROR] PIStageProxy: server returned error status: -1 cmd=GetPos detail='PI Error: code=1 message=Parameter syntax error'
2026-05-22 17:37:17.131 [ERROR] PI Error: code=1 message=Parameter syntax error
2026-05-22 17:37:17.131 [ERROR] StageServer: exception executing command GetPos: PI Error: code=1 message=Parameter syntax error
2026-05-22 17:37:17.131 [ERROR] PIStageProxy: server returned error status: -1 cmd=GetPos detail='PI Error: code=1 message=Parameter syntax error'
2026-05-22 17:37:17.132 [ERROR] PI Error: code=1 message=Parameter syntax error
2026-05-22 17:37:17.133 [ERROR] StageServer: exception executing command GetPos: PI Error: code=1 message=Parameter syntax error
2026-05-22 17:37:17.133 [ERROR] PIStageProxy: server returned error status: -1 cmd=GetPos detail='PI Error: code=1 message=Parameter syntax error'
2026-05-22 17:37:17.134 [ERROR] PI Error: code=1 message=Parameter syntax error
2026-05-22 17:37:17.134 [ERROR] StageServer: exception executing command GetPos: PI Error: code=1 message=Parameter syntax error
2026-05-22 17:37:17.135 [ERROR] PIStageProxy: server returned error status: -1 cmd=GetPos detail='PI Error: code=1 message=Parameter syntax error'
2026-05-22 17:37:17.189 [ERROR] PI Error: code=1 message=Parameter syntax error
2026-05-22 17:37:17.190 [ERROR] StageServer: exception executing command GetPos: PI Error: code=1 message=Parameter syntax error
2026-05-22 17:37:17.190 [ERROR] PIStageProxy: server returned error status: -1 cmd=GetPos detail='PI Error: code=1 message=Parameter syntax error'
2026-05-22 17:37:17.192 [ERROR] PI Error: code=1 message=Parameter syntax error
2026-05-22 17:37:17.192 [ERROR] StageServer: exception executing command GetPos: PI Error: code=1 message=Parameter syntax error
2026-05-22 17:37:17.192 [ERROR] PIStageProxy: server returned error status: -1 cmd=GetPos detail='PI Error: code=1 message=Parameter syntax error'
2026-05-22 17:37:17.194 [ERROR] PI Error: code=1 message=Parameter syntax error
2026-05-22 17:37:17.194 [ERROR] StageServer: exception executing command GetPos: PI Error: code=1 message=Parameter syntax error
2026-05-22 17:37:17.194 [ERROR] PIStageProxy: server returned error status: -1 cmd=GetPos detail='PI Error: code=1 message=Parameter syntax error'
2026-05-22 17:37:17.199 [ERROR] PI Error: code=1 message=Parameter syntax error
2026-05-22 17:37:17.199 [ERROR] StageServer: exception executing command GetPos: PI Error: code=1 message=Parameter syntax error
2026-05-22 17:37:17.199 [ERROR] PIStageProxy: server returned error status: -1 cmd=GetPos detail='PI Error: code=1 message=Parameter syntax error'
2026-05-22 17:37:17.200 [ERROR] PI Error: code=1 message=Parameter syntax error
2026-05-22 17:37:17.201 [ERROR] StageServer: exception executing command GetPos: PI Error: code=1 message=Parameter syntax error
2026-05-22 17:37:17.201 [ERROR] PIStageProxy: server returned error status: -1 cmd=GetPos detail='PI Error: code=1 message=Parameter syntax error'
2026-05-22 17:37:17.203 [ERROR] PI Error: code=1 message=Parameter syntax error
2026-05-22 17:37:17.203 [ERROR] StageServer: exception executing command GetPos: PI Error: code=1 message=Parameter syntax error
2026-05-22 17:37:17.203 [ERROR] PIStageProxy: server returned error status: -1 cmd=GetPos detail='PI Error: code=1 message=Parameter syntax error'
2026-05-22 17:37:18.135 [ERROR] PI Error: code=1 message=Parameter syntax error
2026-05-22 17:37:18.135 [ERROR] StageServer: exception executing command GetPos: PI Error: code=1 message=Parameter syntax error
2026-05-22 17:37:18.135 [ERROR] PIStageProxy: server returned error status: -1 cmd=GetPos detail='PI Error: code=1 message=Parameter syntax error'
2026-05-22 17:37:18.137 [ERROR] PI Error: code=1 message=Parameter syntax error
2026-05-22 17:37:18.137 [ERROR] StageServer: exception executing command GetPos: PI Error: code=1 message=Parameter syntax error
2026-05-22 17:37:18.137 [ERROR] PIStageProxy: server returned error status: -1 cmd=GetPos detail='PI Error: code=1 message=Parameter syntax error'
2026-05-22 17:37:18.139 [ERROR] PI Error: code=1 message=Parameter syntax error
2026-05-22 17:37:18.139 [ERROR] StageServer: exception executing command GetPos: PI Error: code=1 message=Parameter syntax error
2026-05-22 17:37:18.139 [ERROR] PIStageProxy: server returned error status: -1 cmd=GetPos detail='PI Error: code=1 message=Parameter syntax error'
